┌────────────────────────────────────────┐
│ Theme: Dracula                         │
└────────────────────────────────────────┘

┌────────────────────────────────────────┐
│? Select a theme:                     ● │
│  Builtin Dark                          │
│❯ Dracula                               │
│  Gruvbox Dark                          │
│  nord                                  │
│  Retrowave                             │
│  Solarized Dark Higher Contrast        │
│  TokyoNight                            │
│                                        │
│                                        │
│                                        │
│                                        │
│                                        │
│                                        │
│                                        │
│                                        │
│                                        │
│                                        │
│                                        │
└────────────────────────────────────────┘