    ┌────┐ ┌─────────────────────────────────────────────────────┐
    │    │ │                                                     │  0/50   ● New
    └────┘ └─────────────────────────────────────────────────────┘

    ┌──────────────────────────────────────────────────────────────────────────┐
    │? Choose an emoji:                                                      ○ │
    │❯ 🎉 - Begin a project.                                                 ● │
    │  ✅ - Add or update tests.                                             ○ │
    │  🔒 - Fix security issues.                                             ○ │
    │  🔐 - Add or update secrets.                                           ○ │
    │  🔖 - Release / Version tags.                                          ○ │
    │  🚨 - Remove linter warnings.                                          ○ │
    │  🚧 - Work in progress.                                                ○ │
    │  💚 - Fix CI Build.                                                      │
    │  ⬇️ - Downgrade dependencies.                                            │
    └──────────────────────────────────────────────────────────────────────────┘