    ┌────┐ ┌─────────────────────────────────────────────────────┐
    │    │ │                                                     │  0/50   ● New
    └────┘ └─────────────────────────────────────────────────────┘

    ┌──────────────────────────────────────────────────────────────────────────┐
    │? Choose an emoji: test test test                                       ● │
    │No items.                                                                 │
    │                                                                          │
    │                                                                          │
    │                                                                          │
    │                                                                          │
    │                                                                          │
    │                                                                          │
    │                                                                          │
    │                                                                          │
    └──────────────────────────────────────────────────────────────────────────┘