    ┌────┐ ┌─────────────────────────────────────────────────────┐
    │ 🧐 │ │                                                     │  3/50   ● New
    └────┘ └─────────────────────────────────────────────────────┘

    ┌──────────────────────────────────────────────────────────────────────────┐
    │? Choose an emoji:                                                      ○ │
    │❯ 🧐 - Data exploration/inspection.                                     ○ │
    │  ⚰️ - Remove dead code.                                                ○ │
    │  🧪 - Add a failing test.                                              ○ │
    │  👔 - Add or update business logic.                                    ○ │
    │  🩺 - Add or update healthcheck.                                       ○ │
    │  🧱 - Infrastructure related changes.                                  ○ │
    │  💸 - Add sponsorships or money related infrastructure.                ● │
    │  🧵 - Add or update code related to multithreading or concurrency.       │
    │  🦺 - Add or update code related to validation.                          │
    └──────────────────────────────────────────────────────────────────────────┘