    ┌────┐ ┌─────────────────────────────────────────────────────┐
    │ 🔍 │ │                                                     │  3/50   ● New
    └────┘ └─────────────────────────────────────────────────────┘

    ┌──────────────────────────────────────────────────────────────────────────┐
    │? Choose an emoji:                                                      ○ │
    │❯ 🔍 - Improve SEO.                                                     ○ │
    │  🏷  - Add or update types.                                             ○ │
    │  🌱 - Add or update seed files.                                        ○ │
    │  🚩 - Add, update, or remove feature flags.                            ○ │
    │  🥅 - Catch errors.                                                    ○ │
    │  💫 - Add or update animations and transitions.                        ● │
    │  🗑  - Deprecate code that needs to be cleaned up.                      ○ │
    │  🛂 - Work on code related to authorization, roles and permissions.      │
    │  🩹 - Simple fix for a non-critical issue.                               │
    └──────────────────────────────────────────────────────────────────────────┘