 Alt + <enter> Commit <a> Amend   <l> Load <s> Sign-off               Exit <esc>
Ctrl +     <c> Cancel <o> Options <h> Help
