 Alt + <enter> Commit <a> Amend   <l> Load <s> Sign-off       next <tab>
Ctrl +     <c> Cancel <o> Options <h> Help                previous <tab> + Shift
