 Alt + <w> Write            Move <↑→↓←> Toggle <Space> Select <Enter> Exit <esc>
Ctrl + <c> Cancel
