 Alt + <enter> Commit <a> Amend   <l> Load <s> Sign-off
Ctrl +     <c> Cancel <o> Options <h> Help                previous <tab> + Shift
