commit 1 (HEAD -> master)
author: John Doe <john.doe@example.com>
date:   Sat Jan 1 01:00:00 2022 +0000

    ┌──────────────────────────────────────────────────────────────────────────┐
    │? Choose an author:                                                     ● │
    │❯ John Doe <john.doe@example.com>                                         │
    │  John Doe <jdoe@example.org>                                             │
    │                                                                          │
    └──────────────────────────────────────────────────────────────────────────┘

    ┌────┐ ┌─────────────────────────────────────────────────────┐
    │    │ │ placeholder                                         │  0/50 ● Amend
    └────┘ └─────────────────────────────────────────────────────┘

    ┌──────────────────────────────────────────────────────────────────────────┐
    │ placeholder                                                              │
    │                                                                          │
    │                                                                          │
    │                                                                          │
    │                                                                          │
    │                                                                          │
    │                                                                          │
    │                                                                          │
    │                                                                          │
    │                                                                          │
    │                                                                          │
    │                                                                          │
    └──────────────────────────────────────────────────────────────────────────┘

 Alt + <enter> Commit <a> Amend   <l> Load <s> Sign-off      Emoji <tab>
Ctrl +     <c> Cancel <o> Options <h> Help
