commit 1 (HEAD -> master)
author: John Doe <john.doe@example.com>
date:   Sat Jan 1 01:00:00 2022 +0000

    🎨 test

