commit 1 (HEAD -> master)
author: John Doe <john.doe@example.com>
date:   Sat Jan 1 01:00:00 2022 +0000

    ┌────┐ ┌─────────────────────────────────────────────────────┐
    │    │ │ placeholder                                         │  0/50 ● Amend
    └────┘ └─────────────────────────────────────────────────────┘

    ┌──────────────────────────────────────────────────────────────────────────┐
    │? Choose an emoji: test                                                 ● │
    │No items found.                                                           │
    │                                                                          │
    │                                                                          │
    │                                                                          │
    │                                                                          │
    │                                                                          │
    │                                                                          │
    │                                                                          │
    │                                                                          │
    └──────────────────────────────────────────────────────────────────────────┘

    ┌──────────────────────────────────────────────────────────────────────────┐
    │ placeholder                                                              │
    │                                                                          │
    │                                                                          │
    │                                                                          │
    │                                                                          │
    │                                                                          │
    └──────────────────────────────────────────────────────────────────────────┘

 Alt + <enter> Commit <a> Amend   <l> Load <s> Sign-off    Summary <tab>
Ctrl +     <c> Cancel <o> Options <h> Help                  Author <tab> + Shift
