commit 1 (HEAD -> master)
author: John Doe <john.doe@example.com>
date:   Sat Jan 1 01:00:00 2022 +0000

    ┌────┐ ┌─────────────────────────────────────────────────────┐
    │    │ │ test                                                │  4/50   ● New
    └────┘ └─────────────────────────────────────────────────────┘

    ┌──────────────────────────────────────────────────────────────────────────┐
    │ test                                                                     │
    │                                                                          │
    │                                                                          │
    │                                                                          │
    │                                                                          │
    │                                                                          │
    │                                                                          │
    │                                                                          │
    │                                                                          │
    │                                                                          │
    │                                                                          │
    │                                                                          │
    │                                                                          │
    │                                                                          │
    │                                                                          │
    │                                                                          │
    │                                                                          │
    │                                                                          │
    │                                                                          │
    └──────────────────────────────────────────────────────────────────────────┘

 Alt + <enter> Commit <a> Amend   <l> Load <s> Sign-off       Body <tab>
Ctrl +     <c> Cancel <o> Options <h> Help                   Emoji <tab> + Shift
