commit  (HEAD -> master)
author: John Doe <john.doe@example.com>
date:   Sat Jan 1 01:00:00 2022 +0000

    ┌────┐ ┌─────────────────────────────────────────────────────┐
    │    │ │ new                                                 │  3/50   ● New
    └────┘ └─────────────────────────────────────────────────────┘

    ┌──────────────────────────────────────────────────────────────────────────┐
    │ placeholder                                                              │
    │  ~                                                                       │
    │  ~                                                                       │
    │  ~                                                                       │
    │  ~                                                                       │
    │  ~                                                                       │
    │  ~                                                                       │
    │  ~                                                                       │
    │  ~                                                                       │
    │  ~                                                                       │
    │  ~                                                                       │
    │  ~                                                                       │
    │  ~                                                                       │
    │  ~                                                                       │
    │  ~                                                                       │
    │  ~                                                                       │
    │  ~                                                                       │
    │  ~                                                                       │
    │  ~                                                                       │
    └──────────────────────────────────────────────────────────────────────────┘

 Alt + <enter> Commit <a> Amend   <l> Load <s> Sign-off       Body <tab>
Ctrl +     <c> Cancel <o> Options <h> Help                   Emoji <tab> + Shift
