    ┌────────────────────┐ ┌────────────────────────────────────────┐
    │  A                 │ │ A                                      │
    │    1               │ │ ● 0.0                                  │
    │    2               │ │ ○ 0.1                                  │
    │    3               │ │ ○ 0.2                                  │
    │                    │ │                                        │
    │  B                 │ │ B                                      │
    │                    │ │ ○ 1.0                                  │
    │❯ C                 │ │ ○ 1.1                                  │
    │  │ 1               │ │ ● 1.2                                  │
    │  └▸2               │ │                                        │
    │    3               │ │ Toggle                                 │
    │                    │ │ ▣ Enable                               │
    │  D                 │ │                                        │
    │    1               │ │                                        │
    │    2               │ └────────────────────────────────────────┘
    │                    │
    │                    │ ┌────────────────────────────────────────┐
    │                    │ │ help                                   │
    │                    │ │                                        │
    │                    │ │                                        │
    └────────────────────┘ └────────────────────────────────────────┘
