❯ First
  │ 1
  │ 2
  └▸3
    4

  Second

  Third
    1
    2
    3

  Forth
    1
    2
